 
****************************************
Report : cell
        -physical
Design : SVD
Version: G-2012.06-ICC
Date   : Sun May  6 13:22:33 2018
****************************************

Attributes:
    b - black box (unknown)
    d - dont_touch
    h - hierarchical
    n - noncombinational
    p - parameterized
    r - removable
    u - contains unmapped logic

Cell                      Reference       Library             Area  Attributes  Orient.   Location
----------------------------------------------------------------------------------------------------
IVSVTX6_G1B2I1            IVSVTX6         CORE90GPSVT     6.585600  d           180       (156.16, 327.52)
IVSVTX8_G1B2I2            IVSVTX12        CORE90GPSVT     10.976000 d           180       (156.16, 139.36)
IVSVTX12_G1B1I1           IVSVTX12        CORE90GPSVT     10.976000 d           180       (157.00, 84.48)
IVSVTX12_G1B1I2           IVSVTX10        CORE90GPSVT     8.780800  d           180       (168.20, 296.16)
IVSVTX12_G1B1I3           IVSVTX12        CORE90GPSVT     10.976000 d           180       (157.00, 147.20)
IVSVTX12_G1B1I4           IVSVTX12        CORE90GPSVT     10.976000 d           0         (38.00, 119.76)
IVSVTX12_G1B1I6           IVSVTX10        CORE90GPSVT     8.780800  d           0         (307.92, 292.24)
IVSVTX12_G1B1I7           IVSVTX12        CORE90GPSVT     10.976000 d           0         (316.32, 104.08)
U184                      NR2ASVTX4       CORE90GPSVT     8.780800              180       (110.24, 100.16)
U185                      NR2ASVTX4       CORE90GPSVT     8.780800              0-mirror  (282.16, 88.40)
U186                      NR2ASVTX2       CORE90GPSVT     5.488000              0         (128.44, 104.08)
U187                      NR2ASVTX4       CORE90GPSVT     8.780800              0-mirror  (115.00, 104.08)
U188                      NR2ASVTX4       CORE90GPSVT     8.780800              180       (244.36, 68.80)
U189                      NR2ASVTX4       CORE90GPSVT     8.780800              180-mirror (222.80, 147.20)
U190                      AN2BSVTX6       CORE90GPSVT     13.171200             0         (129.84, 245.20)
U191                      NR2AHVTX8       CORE90GPHVT     13.171200             180-mirror (103.52, 162.88)
U192                      NR2ASVTX4       CORE90GPSVT     8.780800              0         (280.20, 190.32)
U193                      NR2ASVTX4       CORE90GPSVT     8.780800              0-mirror  (256.12, 72.72)
U194                      NR2ASVTX8       CORE90GPSVT     13.171200             0-mirror  (138.24, 111.92)
U195                      AN2BSVTX6       CORE90GPSVT     13.171200             180-mirror (186.68, 139.36)
U196                      NR2ASVTX4       CORE90GPSVT     8.780800              0-mirror  (279.36, 88.40)
U197                      AN2BHVTX4       CORE90GPHVT     8.780800              0         (274.88, 151.12)
U198                      AN2SVTX4        CORE90GPSVT     7.683200              0-mirror  (180.52, 143.28)
U199                      IVSVTX2         CORE90GPSVT     3.292800              180-mirror (129.56, 108.00)
U200                      NR2ASVTX6       CORE90GPSVT     10.976000             0-mirror  (75.52, 111.92)
U201                      NR2ASVTX4       CORE90GPSVT     8.780800              0         (132.36, 253.04)
U202                      NR2AHVTX6       CORE90GPHVT     10.976000             0         (244.92, 135.44)
U203                      NR2ASVTX4       CORE90GPSVT     8.780800              0         (278.80, 158.96)
U204                      AN2BSVTX4       CORE90GPSVT     8.780800              0         (67.40, 111.92)
U205                      NR2ASVTX2       CORE90GPSVT     5.488000              0-mirror  (130.68, 253.04)
U206                      NR2ASVTX4       CORE90GPSVT     8.780800              180-mirror (284.40, 100.16)
U207                      NR2ASVTX4       CORE90GPSVT     8.780800              180-mirror (247.16, 178.56)
U208                      NR2ASVTX2       CORE90GPSVT     5.488000              180       (68.24, 100.16)
U209                      NR2AHVTX2       CORE90GPHVT     5.488000              180       (218.88, 147.20)
U210                      NR2ASVTX4       CORE90GPSVT     8.780800              0-mirror  (258.64, 143.28)
U211                      NR2ASVTX6       CORE90GPSVT     10.976000             180       (229.80, 60.96)
U212                      NR2ASVTX4       CORE90GPSVT     8.780800              0-mirror  (248.84, 72.72)
U213                      NR2AHVTX2       CORE90GPHVT     5.488000              180       (204.32, 147.20)
U214                      NR2AHVTX2       CORE90GPHVT     5.488000              180-mirror (129.56, 217.76)
U215                      NR2AHVTX2       CORE90GPHVT     5.488000              0         (137.12, 260.88)
U216                      NR2ASVTX4       CORE90GPSVT     8.780800              0         (182.20, 190.32)
U217                      NR2AHVTX8       CORE90GPHVT     13.171200             180       (228.96, 217.76)
U218                      NR2ASVTX2       CORE90GPSVT     5.488000              180       (283.56, 147.20)
U219                      IVSVTX2         CORE90GPSVT     3.292800              0-mirror  (132.92, 221.68)
U220                      NR2ASVTX6       CORE90GPSVT     10.976000             0         (256.68, 182.48)
U221                      IVSVTX6         CORE90GPSVT     6.585600              0-mirror  (129.28, 221.68)
U222                      NR2ASVTX4       CORE90GPSVT     8.780800              0-mirror  (131.80, 119.76)
U223                      NR2ASVTX6       CORE90GPSVT     10.976000             0         (253.60, 182.48)
U224                      IVSVTX4         CORE90GPSVT     4.390400              180-mirror (281.04, 68.80)
U225                      NR2ASVTX4       CORE90GPSVT     8.780800              0         (131.52, 237.36)
U226                      NR2ASVTX4       CORE90GPSVT     8.780800              0         (220.28, 174.64)
U227                      NR2ASVTX4       CORE90GPSVT     8.780800              0         (283.28, 111.92)
U228                      NR2ASVTX4       CORE90GPSVT     8.780800              0         (123.68, 245.20)
U229                      NR2ASVTX6       CORE90GPSVT     10.976000             180       (257.24, 155.04)
U230                      ND2SVTX4        CORE90GPSVT     6.585600              180       (85.60, 108.00)
U231                      NR2ASVTX8       CORE90GPSVT     13.171200             180-mirror (132.64, 186.40)
U232                      NR2ASVTX4       CORE90GPSVT     8.780800              180       (65.44, 108.00)
U233                      NR2ASVTX6       CORE90GPSVT     10.976000             180-mirror (284.68, 155.04)
U234                      NR2ASVTX4       CORE90GPSVT     8.780800              0-mirror  (101.00, 96.24)
U235                      NR2ASVTX2       CORE90GPSVT     5.488000              0-mirror  (62.64, 111.92)
U236                      NR2ASVTX4       CORE90GPSVT     8.780800              180       (288.04, 155.04)
U237                      NR2ASVTX4       CORE90GPSVT     8.780800              180       (280.20, 92.32)
U238                      IVSVTX2         CORE90GPSVT     3.292800              180-mirror (84.76, 68.80)
U239                      NR2ASVTX4       CORE90GPSVT     8.780800              0-mirror  (69.36, 158.96)
U240                      NR2ASVTX4       CORE90GPSVT     8.780800              180-mirror (279.64, 186.40)
U241                      NR2ASVTX4       CORE90GPSVT     8.780800              0-mirror  (124.80, 104.08)
U242                      IVSVTX6         CORE90GPSVT     6.585600              180       (84.48, 147.20)
U243                      NR2AHVTX8       CORE90GPHVT     13.171200             180       (66.00, 162.88)
U244                      NR2ASVTX6       CORE90GPSVT     10.976000             0         (134.60, 174.64)
U245                      NR2AHVTX6       CORE90GPHVT     10.976000             180       (200.96, 68.80)
U246                      AN2BSVTX2       CORE90GPSVT     7.683200              0         (216.36, 64.88)
U247                      IVHVTX2         CORE90GPHVT     3.292800              180       (184.72, 288.32)
U248                      IVHVTX0H        CORE90GPHVT     2.195200              0         (148.04, 284.40)
U249                      IVHVTX2         CORE90GPHVT     3.292800              0         (316.60, 151.12)
U250                      IVHVTX4         CORE90GPHVT     4.390400              0         (163.16, 119.76)
U251                      IVHVTX2         CORE90GPHVT     3.292800              180       (164.00, 108.00)
U252                      IVSVTX4         CORE90GPSVT     4.390400              0         (61.24, 166.80)
U253                      IVHVTX4         CORE90GPHVT     4.390400              180       (134.32, 233.44)
U254                      IVHVTX2         CORE90GPHVT     3.292800              0         (129.56, 166.80)
U255                      IVHVTX0H        CORE90GPHVT     2.195200              0         (148.88, 276.56)
U256                      IVHVTX0H        CORE90GPHVT     2.195200              180-mirror (146.36, 280.48)
U257                      IVHVTX0H        CORE90GPHVT     2.195200              180-mirror (146.92, 280.48)
U258                      IVHVTX0H        CORE90GPHVT     2.195200              180-mirror (115.28, 304.00)
U259                      IVHVTX0H        CORE90GPHVT     2.195200              0         (146.64, 284.40)
U260                      IVHVTX0H        CORE90GPHVT     2.195200              0         (147.20, 284.40)
U261                      IVHVTX0H        CORE90GPHVT     2.195200              0         (148.88, 284.40)
U262                      IVHVTX0H        CORE90GPHVT     2.195200              180-mirror (145.52, 304.00)
U263                      IVHVTX0H        CORE90GPHVT     2.195200              0         (135.44, 307.92)
U264                      IVHVTX0H        CORE90GPHVT     2.195200              180-mirror (125.08, 319.68)
U265                      IVHVTX0H        CORE90GPHVT     2.195200              0         (115.00, 323.60)
U266                      IVHVTX0H        CORE90GPHVT     2.195200              180-mirror (114.72, 335.36)
U267                      IVHVTX0H        CORE90GPHVT     2.195200              180-mirror (116.68, 327.52)
U268                      IVHVTX0H        CORE90GPHVT     2.195200              0         (178.28, 323.60)
U269                      IVHVTX0H        CORE90GPHVT     2.195200              0         (135.16, 323.60)
U270                      IVHVTX0H        CORE90GPHVT     2.195200              0         (186.12, 323.60)
U271                      IVHVTX0H        CORE90GPHVT     2.195200              180-mirror (180.24, 319.68)
U272                      IVHVTX0H        CORE90GPHVT     2.195200              180-mirror (181.36, 319.68)
U273                      IVHVTX2         CORE90GPHVT     3.292800              180       (131.52, 76.64)
U274                      NR2ASVTX2       CORE90GPSVT     5.488000              0         (92.60, 143.28)
U275                      NR2AHVTX4       CORE90GPHVT     8.780800              180-mirror (129.00, 155.04)
U276                      NR2ASVTX2       CORE90GPSVT     5.488000              180-mirror (277.12, 186.40)
U277                      NR2ASVTX2       CORE90GPSVT     5.488000              0         (64.04, 111.92)
U278                      NR2AHVTX4       CORE90GPHVT     8.780800              0-mirror  (70.20, 104.08)
U279                      NR2ASVTX2       CORE90GPSVT     5.488000              0-mirror  (259.20, 72.72)
U280                      NR2ASVTX4       CORE90GPSVT     8.780800              180-mirror (100.72, 162.88)
U281                      NR2ASVTX4       CORE90GPSVT     8.780800              0-mirror  (283.56, 158.96)
U282                      NR2ASVTX2       CORE90GPSVT     5.488000              180       (87.56, 100.16)
U283                      ND2HVTX4        CORE90GPHVT     6.585600              180       (130.68, 225.60)
U284                      NR2ASVTX6       CORE90GPSVT     10.976000             180       (194.80, 186.40)
U285                      NR2ASVTX6       CORE90GPSVT     10.976000             180       (261.44, 100.16)
U286                      IVSVTX2         CORE90GPSVT     3.292800              180       (132.36, 225.60)
U287                      NR2ASVTX6       CORE90GPSVT     10.976000             0         (246.04, 182.48)
U288                      AN2BSVTX4       CORE90GPSVT     8.780800              0         (221.96, 190.32)
U289                      NR2AHVTX8       CORE90GPHVT     13.171200             0         (256.96, 104.08)
U290                      NR2ASVTX6       CORE90GPSVT     10.976000             180-mirror (183.88, 147.20)
U291                      NR2ASVTX2       CORE90GPSVT     5.488000              180       (136.00, 256.96)
U292                      NR2AHVTX6       CORE90GPHVT     10.976000             180-mirror (200.96, 147.20)
U293                      NR2ASVTX4       CORE90GPSVT     8.780800              180-mirror (200.40, 76.64)
U294                      NR2AHVTX4       CORE90GPHVT     8.780800              0         (131.24, 104.08)
U295                      AN2BSVTX8       CORE90GPSVT     14.268801             180       (271.24, 186.40)
U296                      NR2ASVTX6       CORE90GPSVT     10.976000             0         (176.32, 190.32)
U297                      NR2ASVTX4       CORE90GPSVT     8.780800              0         (243.24, 182.48)
U298                      NR2AHVTX8       CORE90GPHVT     13.171200             0         (192.28, 190.32)
U299                      NR2AHVTX8       CORE90GPHVT     13.171200             0         (267.32, 182.48)
U300                      NR2AHVTX8       CORE90GPHVT     13.171200             180-mirror (228.96, 186.40)
U301                      NR2AHVTX6       CORE90GPHVT     10.976000             0         (224.76, 190.32)
U302                      AN2BSVTX4       CORE90GPSVT     8.780800              0-mirror  (215.52, 182.48)
U303                      AN2BSVTX4       CORE90GPSVT     8.780800              0-mirror  (212.72, 182.48)
U304                      AN2BHVTX4       CORE90GPHVT     8.780800              0-mirror  (234.28, 182.48)
U305                      NR2ASVTX6       CORE90GPSVT     10.976000             0         (213.56, 174.64)
U306                      NR2AHVTX8       CORE90GPHVT     13.171200             0         (223.36, 174.64)
U307                      NR2AHVTX6       CORE90GPHVT     10.976000             180-mirror (164.56, 194.24)
U308                      NR2AHVTX8       CORE90GPHVT     13.171200             180-mirror (216.36, 178.56)
U309                      NR2AHVTX8       CORE90GPHVT     13.171200             0         (129.56, 206.00)
U310                      NR2ASVTX6       CORE90GPSVT     10.976000             0         (216.92, 174.64)
U311                      NR2AHVTX6       CORE90GPHVT     10.976000             180-mirror (125.64, 217.76)
U312                      NR2AHVTX8       CORE90GPHVT     13.171200             180       (223.08, 194.24)
U313                      NR2ASVTX6       CORE90GPSVT     10.976000             0         (218.32, 213.84)
U314                      NR2ASVTX6       CORE90GPSVT     10.976000             180       (225.60, 209.92)
U315                      NR2ASVTX6       CORE90GPSVT     10.976000             180       (228.68, 209.92)
U316                      NR2AHVTX8       CORE90GPHVT     13.171200             0         (239.04, 221.68)
U317                      AN2BSVTX4       CORE90GPSVT     8.780800              0         (236.80, 221.68)
U318                      NR2ASVTX4       CORE90GPSVT     8.780800              0         (246.32, 221.68)
U319                      NR2AHVTX6       CORE90GPHVT     10.976000             0         (234.00, 221.68)
U320                      NR2ASVTX4       CORE90GPSVT     8.780800              180       (225.88, 217.76)
U321                      NR2ASVTX4       CORE90GPSVT     8.780800              180       (210.20, 217.76)
U322                      NR2ASVTX6       CORE90GPSVT     10.976000             0         (230.64, 221.68)
U323                      AN2BSVTX4       CORE90GPSVT     8.780800              0         (243.80, 221.68)
U324                      AN2BSVTX4       CORE90GPSVT     8.780800              180-mirror (207.40, 217.76)
U325                      AN2BSVTX8       CORE90GPSVT     14.268801             180-mirror (203.20, 217.76)
U326                      NR2AHVTX8       CORE90GPHVT     13.171200             0-mirror  (221.96, 213.84)
U327                      NR2ASVTX6       CORE90GPSVT     10.976000             0         (227.56, 190.32)
U328                      AN2BHVTX4       CORE90GPHVT     8.780800              180-mirror (219.72, 194.24)
U329                      AN2BHVTX4       CORE90GPHVT     8.780800              0         (282.16, 151.12)
U330                      NR2AHVTX8       CORE90GPHVT     13.171200             180       (232.88, 147.20)
U331                      AN2BHVTX4       CORE90GPHVT     8.780800              0         (244.64, 158.96)
U332                      NR2AHVTX8       CORE90GPHVT     13.171200             180       (230.08, 139.36)
U333                      NR2AHVTX6       CORE90GPHVT     10.976000             0-mirror  (228.40, 135.44)
U334                      NR2AHVTX6       CORE90GPHVT     10.976000             180       (242.12, 162.88)
U335                      NR2AHVTX8       CORE90GPHVT     13.171200             0         (229.24, 151.12)
U336                      NR2ASVTX4       CORE90GPSVT     8.780800              0         (233.16, 143.28)
U337                      NR2ASVTX4       CORE90GPSVT     8.780800              180       (239.04, 162.88)
U338                      NR2ASVTX6       CORE90GPSVT     10.976000             180       (237.08, 139.36)
U339                      NR2AHVTX8       CORE90GPHVT     13.171200             180       (229.24, 147.20)
U340                      NR2AHVTX8       CORE90GPHVT     13.171200             180       (241.00, 139.36)
U341                      NR2ASVTX6       CORE90GPSVT     10.976000             0         (248.00, 135.44)
U342                      NR2ASVTX6       CORE90GPSVT     10.976000             180       (247.72, 139.36)
U343                      NR2ASVTX6       CORE90GPSVT     10.976000             180       (250.80, 139.36)
U344                      NR2AHVTX8       CORE90GPHVT     13.171200             180       (249.40, 115.84)
U345                      NR2AHVTX8       CORE90GPHVT     13.171200             180-mirror (170.16, 123.68)
U346                      NR2AHVTX8       CORE90GPHVT     13.171200             180-mirror (201.80, 123.68)
U347                      NR2AHVTX8       CORE90GPHVT     13.171200             0         (194.24, 127.60)
U348                      NR2AHVTX8       CORE90GPHVT     13.171200             0         (198.16, 127.60)
U349                      NR2ASVTX6       CORE90GPSVT     10.976000             0         (211.60, 166.80)
U350                      NR2AHVTX6       CORE90GPHVT     10.976000             180-mirror (194.52, 147.20)
U351                      NR2ASVTX6       CORE90GPSVT     10.976000             0         (222.80, 151.12)
U352                      NR2AHVTX8       CORE90GPHVT     13.171200             0         (225.88, 166.80)
U353                      NR2ASVTX6       CORE90GPSVT     10.976000             0         (214.68, 166.80)
U354                      NR2AHVTX6       CORE90GPHVT     10.976000             180-mirror (187.24, 147.20)
U355                      NR2ASVTX8       CORE90GPSVT     13.171200             180-mirror (162.32, 147.20)
U356                      NR2ASVTX4       CORE90GPSVT     8.780800              0         (131.80, 174.64)
U357                      NR2ASVTX6       CORE90GPSVT     10.976000             0         (131.52, 158.96)
U358                      NR2ASVTX6       CORE90GPSVT     10.976000             0         (203.20, 158.96)
U359                      NR2AHVTX6       CORE90GPHVT     10.976000             180-mirror (183.60, 139.36)
U360                      NR2AHVTX8       CORE90GPHVT     13.171200             0         (206.28, 158.96)
U361                      NR2ASVTX6       CORE90GPSVT     10.976000             0         (199.84, 158.96)
U362                      NR2ASVTX4       CORE90GPSVT     8.780800              0         (131.80, 151.12)
U363                      NR2ASVTX4       CORE90GPSVT     8.780800              180-mirror (260.88, 155.04)
U364                      NR2ASVTX4       CORE90GPSVT     8.780800              180       (269.56, 147.20)
U365                      NR2ASVTX4       CORE90GPSVT     8.780800              180       (135.72, 108.00)
U366                      IVSVTX4         CORE90GPSVT     4.390400              0-mirror  (128.72, 229.52)
U367                      AN2BSVTX6       CORE90GPSVT     13.171200             180       (297.84, 131.52)
U368                      NR2ASVTX6       CORE90GPSVT     10.976000             180       (206.28, 147.20)
U369                      NR2ASVTX4       CORE90GPSVT     8.780800              0         (206.84, 64.88)
U370                      NR2ASVTX4       CORE90GPSVT     8.780800              180       (132.64, 108.00)
U372                      NR2ASVTX2       CORE90GPSVT     5.488000              0         (131.52, 221.68)
U373                      IVHVTX2         CORE90GPHVT     3.292800              180-mirror (187.52, 60.96)
U374                      IVHVTX2         CORE90GPHVT     3.292800              180       (305.96, 170.72)
U375                      IVHVTX4         CORE90GPHVT     4.390400              180       (315.20, 131.52)
U376                      IVHVTX2         CORE90GPHVT     3.292800              180       (157.00, 60.96)
U377                      IVHVTX2         CORE90GPHVT     3.292800              180       (307.36, 288.32)
U378                      BFHVTX12        CORE90GPHVT     14.268801             180       (131.80, 217.76)
U380                      BFHVTX12        CORE90GPHVT     14.268801             180-mirror (179.40, 147.20)
U382                      IVSVTX2         CORE90GPSVT     3.292800              180-mirror (104.92, 29.60)
U383                      IVSVTX6         CORE90GPSVT     6.585600              180       (105.76, 29.60)
U384                      BFSVTX6         CORE90GPSVT     7.683200              0-mirror  (255.00, 17.84)
U385                      IVHVTX0H        CORE90GPHVT     2.195200              0         (183.32, 315.76)
U386                      IVSVTX4         CORE90GPSVT     4.390400              0         (228.96, 64.88)
U387                      IVSVTX2         CORE90GPSVT     3.292800              0-mirror  (185.56, 182.48)
U388                      IVSVTX4         CORE90GPSVT     4.390400              0         (251.08, 17.84)
U389                      IVSVTX6         CORE90GPSVT     6.585600              0         (252.20, 25.68)
U390                      IVSVTX4         CORE90GPSVT     4.390400              0-mirror  (146.92, 17.84)
U391                      IVSVTX6         CORE90GPSVT     6.585600              0-mirror  (139.92, 17.84)
U392                      ND2SVTX4        CORE90GPSVT     6.585600              0         (287.76, 104.08)
U393                      IVSVTX2         CORE90GPSVT     3.292800              0         (289.44, 104.08)
U394                      IVSVTX6         CORE90GPSVT     6.585600              180       (288.60, 108.00)
U395                      ND2SVTX4        CORE90GPSVT     6.585600              180-mirror (243.52, 178.56)
U396                      IVSVTX4         CORE90GPSVT     4.390400              180-mirror (242.40, 68.80)
U397                      IVSVTX6         CORE90GPSVT     6.585600              180       (243.80, 186.40)
U398                      ND2HVTX4        CORE90GPHVT     6.585600              180       (255.84, 162.88)
U399                      IVHVTX2         CORE90GPHVT     3.292800              0-mirror  (260.04, 158.96)
U400                      IVHVTX10        CORE90GPHVT     8.780800              0-mirror  (239.32, 174.64)
U401                      IVSVTX2         CORE90GPSVT     3.292800              180       (266.48, 296.16)
U402                      IVSVTX6         CORE90GPSVT     6.585600              0-mirror  (262.00, 292.24)
U403                      IVSVTX6         CORE90GPSVT     6.585600              0-mirror  (127.32, 174.64)
U404                      ND2HVTX8        CORE90GPHVT     12.073600             0-mirror  (87.00, 96.24)
U405                      IVSVTX4         CORE90GPSVT     4.390400              180-mirror (83.64, 68.80)
U406                      IVHVTX12        CORE90GPHVT     10.976000             180       (89.80, 100.16)
U407                      IVSVTX4         CORE90GPSVT     4.390400              0         (291.12, 174.64)
U411                      ND2SVTX4        CORE90GPSVT     6.585600              180-mirror (223.08, 60.96)
U412                      IVSVTX2         CORE90GPSVT     3.292800              180-mirror (222.24, 60.96)
U413                      ND2SVTX4        CORE90GPSVT     6.585600              0-mirror  (129.28, 158.96)
U414                      ND2SVTX4        CORE90GPSVT     6.585600              180       (290.84, 155.04)
U415                      IVSVTX2         CORE90GPSVT     3.292800              180       (296.72, 131.52)
adder                     carryLookAheadAdder_n20_1       491.724823 h, p       *         (*, *)
mul0                      multR4_20x20b_2c_3              17895.271484 h, n     *         (*, *)
mul1                      multR4_20x20b_2c_2              18183.939453 h, n     *         (*, *)
mul2                      multR4_20x20b_2c_1              17837.097656 h, n     *         (*, *)
mul3                      multR4_20x20b_2c_0              17966.615234 h, n     *         (*, *)
subber                    carryLookAheadAdder_n20_0       491.724823 h, p       *         (*, *)
v_reg_reg_0_              FD2QNSVTX4      CORE90GPSVT     19.756800 n           180-mirror (190.32, 115.84)
v_reg_reg_1_              FD2QNSVTX2      CORE90GPSVT     18.659201 n           0         (181.36, 88.40)
v_reg_reg_2_              FD2QNSVTX2      CORE90GPSVT     18.659201 n           0-mirror  (292.52, 64.88)
v_reg_reg_3_              FD2QNSVTX1      CORE90GPSVT     18.659201 n           180-mirror (291.96, 131.52)
v_reg_reg_4_              FD2QNSVTX2      CORE90GPSVT     18.659201 n           0-mirror  (292.80, 57.04)
v_reg_reg_5_              FD2QNSVTX2      CORE90GPSVT     18.659201 n           0-mirror  (288.04, 96.24)
v_reg_reg_6_              FD2QNSVTX2      CORE90GPSVT     18.659201 n           0-mirror  (287.48, 64.88)
v_reg_reg_7_              FD2QNSVTX4      CORE90GPSVT     19.756800 n           180       (289.16, 92.32)
v_reg_reg_8_              FD2QNSVTX2      CORE90GPSVT     18.659201 n           0         (276.84, 64.88)
v_reg_reg_9_              FD2QSVTX1       CORE90GPSVT     18.659201 n           180-mirror (276.84, 60.96)
v_reg_reg_10_             FD2QNSVTX2      CORE90GPSVT     18.659201 n           180       (256.12, 13.92)
v_reg_reg_11_             FD2QNSVTX2      CORE90GPSVT     18.659201 n           180       (250.52, 13.92)
v_reg_reg_12_             FD2QNSVTX4      CORE90GPSVT     19.756800 n           180-mirror (245.20, 13.92)
v_reg_reg_13_             FD2QNSVTX2      CORE90GPSVT     18.659201 n           0         (225.88, 33.52)
v_reg_reg_14_             FD2QNSVTX2      CORE90GPSVT     18.659201 n           0         (220.28, 33.52)
v_reg_reg_15_             FD2QNSVTX4      CORE90GPSVT     19.756800 n           0         (214.96, 33.52)
v_reg_reg_16_             FD2QNSVTX2      CORE90GPSVT     18.659201 n           0         (208.80, 33.52)
v_reg_reg_17_             FD2QNSVTX2      CORE90GPSVT     18.659201 n           180-mirror (198.72, 29.60)
v_reg_reg_18_             FD2QNSVTX2      CORE90GPSVT     18.659201 n           0         (172.40, 57.04)
v_reg_reg_19_             FD2QNSVTX2      CORE90GPSVT     18.659201 n           0         (172.40, 25.68)
w_reg_reg_0_              FD2QNSVTX2      CORE90GPSVT     18.659201 n           0         (142.16, 17.84)
w_reg_reg_1_              FD2QNSVTX2      CORE90GPSVT     18.659201 n           180-mirror (132.36, 100.16)
w_reg_reg_2_              FD2QNSVTX2      CORE90GPSVT     18.659201 n           180-mirror (127.32, 68.80)
w_reg_reg_3_              FD2QNSVTX2      CORE90GPSVT     18.659201 n           180-mirror (126.76, 92.32)
w_reg_reg_4_              FD2QNSVTX4      CORE90GPSVT     19.756800 n           0         (101.00, 25.68)
w_reg_reg_5_              FD2QNSVTX2      CORE90GPSVT     18.659201 n           180-mirror (95.68, 29.60)
w_reg_reg_6_              FD2QNSVTX2      CORE90GPSVT     18.659201 n           180-mirror (94.00, 84.48)
w_reg_reg_7_              FD2QNSVTX2      CORE90GPSVT     18.659201 n           180-mirror (77.48, 37.44)
w_reg_reg_8_              FD2QNSVTX2      CORE90GPSVT     18.659201 n           180-mirror (50.04, 100.16)
w_reg_reg_9_              FD2QNSVTX2      CORE90GPSVT     18.659201 n           0         (54.80, 111.92)
w_reg_reg_10_             FD2QNSVTX2      CORE90GPSVT     18.659201 n           0         (54.52, 104.08)
w_reg_reg_11_             FD2QNSVTX2      CORE90GPSVT     18.659201 n           180-mirror (60.12, 155.04)
w_reg_reg_12_             FD2QNSVTX2      CORE90GPSVT     18.659201 n           180-mirror (55.08, 100.16)
w_reg_reg_13_             FD2QNSVTX2      CORE90GPSVT     18.659201 n           0-mirror  (137.68, 221.68)
w_reg_reg_14_             FD2QNSVTX2      CORE90GPSVT     18.659201 n           180       (137.96, 241.28)
w_reg_reg_15_             FD2QNSVTX4      CORE90GPSVT     19.756800 n           180       (127.60, 241.28)
w_reg_reg_16_             FD2QNSVTX2      CORE90GPSVT     18.659201 n           180       (149.16, 256.96)
w_reg_reg_17_             FD2QNSVTX2      CORE90GPSVT     18.659201 n           180       (154.20, 256.96)
w_reg_reg_18_             FD2QNSVTX2      CORE90GPSVT     18.659201 n           180       (159.24, 256.96)
w_reg_reg_19_             FD2QNSVTX4      CORE90GPSVT     19.756800 n           0-mirror  (164.28, 253.04)
x_reg_reg_0_              FD2QNSVTX2      CORE90GPSVT     18.659201 n           180       (283.84, 92.32)
x_reg_reg_1_              FD2QNSVTX2      CORE90GPSVT     18.659201 n           0-mirror  (282.16, 64.88)
x_reg_reg_2_              FD2QNSVTX2      CORE90GPSVT     18.659201 n           180       (287.20, 60.96)
x_reg_reg_3_              FD2QNSVTX2      CORE90GPSVT     18.659201 n           0-mirror  (297.84, 57.04)
x_reg_reg_4_              FD2QNSVTX2      CORE90GPSVT     18.659201 n           180       (299.52, 304.00)
x_reg_reg_5_              FD2QNSVTX4      CORE90GPSVT     19.756800 n           0-mirror  (261.44, 300.08)
x_reg_reg_6_              FD2QNSVTX2      CORE90GPSVT     18.659201 n           0-mirror  (299.80, 300.08)
x_reg_reg_7_              FD2QNSVTX2      CORE90GPSVT     18.659201 n           180       (278.52, 304.00)
x_reg_reg_8_              FD2QNSVTX2      CORE90GPSVT     18.659201 n           180       (283.56, 304.00)
x_reg_reg_9_              FD2QNSVTX4      CORE90GPSVT     19.756800 n           0-mirror  (278.52, 300.08)
x_reg_reg_10_             FD2QNSVTX2      CORE90GPSVT     18.659201 n           0-mirror  (273.76, 300.08)
x_reg_reg_11_             FD2QNSVTX2      CORE90GPSVT     18.659201 n           0         (266.48, 300.08)
x_reg_reg_12_             FD2QNSVTX2      CORE90GPSVT     18.659201 n           180       (261.72, 304.00)
x_reg_reg_13_             FD2QNSVTX2      CORE90GPSVT     18.659201 n           0         (199.28, 284.40)
x_reg_reg_14_             FD2QNSVTX2      CORE90GPSVT     18.659201 n           180       (199.28, 288.32)
x_reg_reg_15_             FD2QNSVTX2      CORE90GPSVT     18.659201 n           180       (214.40, 319.68)
x_reg_reg_16_             FD2QNSVTX2      CORE90GPSVT     18.659201 n           0         (201.52, 182.48)
x_reg_reg_17_             FD2QNSVTX2      CORE90GPSVT     18.659201 n           180-mirror (199.56, 186.40)
x_reg_reg_18_             FD2QNSVTX2      CORE90GPSVT     18.659201 n           180       (188.36, 186.40)
x_reg_reg_19_             FD2QNSVTX2      CORE90GPSVT     18.659201 n           180-mirror (183.04, 186.40)
y_reg_reg_0_              FD2QNSVTX2      CORE90GPSVT     18.659201 n           180       (282.44, 178.56)
y_reg_reg_1_              FD2QNSVTX2      CORE90GPSVT     18.659201 n           0-mirror  (237.36, 182.48)
y_reg_reg_2_              FD2QNSVTX2      CORE90GPSVT     18.659201 n           0-mirror  (299.24, 182.48)
y_reg_reg_3_              FD2QNSVTX2      CORE90GPSVT     18.659201 n           180       (308.20, 186.40)
y_reg_reg_4_              FD2QNSVTX2      CORE90GPSVT     18.659201 n           0-mirror  (288.60, 182.48)
y_reg_reg_5_              FD2QNSVTX2      CORE90GPSVT     18.659201 n           180       (303.16, 186.40)
y_reg_reg_6_              FD2QNSVTX2      CORE90GPSVT     18.659201 n           0-mirror  (297.84, 190.32)
y_reg_reg_7_              FD2QNSVTX2      CORE90GPSVT     18.659201 n           0-mirror  (294.48, 182.48)
y_reg_reg_8_              FD2QNSVTX2      CORE90GPSVT     18.659201 n           180       (294.20, 178.56)
y_reg_reg_9_              FD2QNSVTX2      CORE90GPSVT     18.659201 n           180       (238.76, 178.56)
y_reg_reg_10_             FD2QNSVTX2      CORE90GPSVT     18.659201 n           0-mirror  (239.88, 158.96)
y_reg_reg_11_             FD2QNSVTX2      CORE90GPSVT     18.659201 n           180       (299.24, 155.04)
y_reg_reg_12_             FD2QNSVTX2      CORE90GPSVT     18.659201 n           180       (314.36, 139.36)
y_reg_reg_13_             FD2QNSVTX2      CORE90GPSVT     18.659201 n           180       (325.00, 131.52)
y_reg_reg_14_             FD2QNSVTX2      CORE90GPSVT     18.659201 n           0-mirror  (324.72, 135.44)
y_reg_reg_15_             FD2QNSVTX2      CORE90GPSVT     18.659201 n           180       (304.00, 139.36)
y_reg_reg_16_             FD2QNSVTX2      CORE90GPSVT     18.659201 n           180       (309.04, 139.36)
y_reg_reg_17_             FD2QNSVTX2      CORE90GPSVT     18.659201 n           180       (289.16, 84.48)
y_reg_reg_18_             FD2QNSVTX2      CORE90GPSVT     18.659201 n           180       (290.00, 68.80)
y_reg_reg_19_             FD2QNSVTX2      CORE90GPSVT     18.659201 n           180       (281.88, 60.96)
----------------------------------------------------------------------------------------------------
Total 320 cells                                           76300.763895
1
